// Jest Snapshot v1, https://goo.gl/fbAQLP

exports[`Card tests renders correctly 1`] = `
<View
  style={
    [
      {
        "backgroundColor": "#FFFFFF",
        "borderRadius": 5,
        "padding": 5,
      },
      undefined,
      {},
    ]
  }
/>
`;
